building the system configuration...
these 11 derivations will be built:
  /nix/store/8wwyhq2k50hcjaiywqlq4cb511h6yvb6-init-trae.drv
  /nix/store/mk3fc475079za9q5lcm7fcgj0gvjrw93-home-manager-path.drv
  /nix/store/szw3zg6cvdq2zy3kx2yc4wz3ahy0b970-hm_fontconfigconf.d10hmfonts.conf.drv
  /nix/store/inzkkq2rkfivz33sk19m1faga197d79r-home-manager-files.drv
  /nix/store/sb3mgfacyysjlnapgnwssvxiyszk1wf9-home-manager-generation.drv
  /nix/store/r6lgc08zmf6fnym85r0j1k25fwhsj13h-unit-home-manager-a.service.drv
  /nix/store/h90pj3j86jfmlhl3ivz6xff79irdqlrl-system-units.drv
  /nix/store/msin6pplmh7f08x01f068kp3vl80lhbf-user-environment.drv
  /nix/store/yc7qixb84wrfsfx7iw1inql34my4w2lg-etc.drv
  /nix/store/dkrz6d1bjk4l770czs93fra0z3iac702-activate.drv
  /nix/store/la5wvfb91qnrw2pii72hlzr4cql346pg-nixos-system-nixos-26.05.20260510.da5ad66.drv
building '/nix/store/8wwyhq2k50hcjaiywqlq4cb511h6yvb6-init-trae.drv'...
building '/nix/store/mk3fc475079za9q5lcm7fcgj0gvjrw93-home-manager-path.drv'...
building '/nix/store/szw3zg6cvdq2zy3kx2yc4wz3ahy0b970-hm_fontconfigconf.d10hmfonts.conf.drv'...
building '/nix/store/msin6pplmh7f08x01f068kp3vl80lhbf-user-environment.drv'...
building '/nix/store/inzkkq2rkfivz33sk19m1faga197d79r-home-manager-files.drv'...
building '/nix/store/sb3mgfacyysjlnapgnwssvxiyszk1wf9-home-manager-generation.drv'...
building '/nix/store/r6lgc08zmf6fnym85r0j1k25fwhsj13h-unit-home-manager-a.service.drv'...
building '/nix/store/h90pj3j86jfmlhl3ivz6xff79irdqlrl-system-units.drv'...
building '/nix/store/yc7qixb84wrfsfx7iw1inql34my4w2lg-etc.drv'...
building '/nix/store/dkrz6d1bjk4l770czs93fra0z3iac702-activate.drv'...
building '/nix/store/la5wvfb91qnrw2pii72hlzr4cql346pg-nixos-system-nixos-26.05.20260510.da5ad66.drv'...
Checking switch inhibitors... done
activating the configuration...
setting up /etc...
reloading user units for a...
restarting sysinit-reactivation.target
restarting the following units: home-manager-a.service
the following new units were started: NetworkManager-dispatcher.service, sysinit-reactivation.target, systemd-tmpfiles-resetup.service
Done. The new configuration is /nix/store/n5mfpylw2a1ri8rgpvgsqxcsss91pxmw-nixos-system-nixos-26.05.20260510.da5ad66
